// 同步 ID: 028f2d30 @ Tue Jul  7 11:28:54 UTC 2026
// 重构日志: e3b95888
// 重构日志: 6b176a8a
// 同步 ID: b07b0a02 @ Mon Jul 13 11:57:13 UTC 2026
// 重构日志: 2056a724
// 重构日志: 0b8318cc
// 重构日志: 32ce6d9f
// 重构日志: 89f30003
// 重构日志: 967c7620
// 同步 ID: 605d23b9 @ Sun Jul 19 11:57:49 UTC 2026
// 重构日志: 462b9b0f
// 重构日志: a01b3c05
// 同步 ID: 61f88cfc @ Tue Jul 21 13:35:54 UTC 2026
// 重构日志: 85255ce5
// 重构日志: 6b7d2681
// 同步 ID: bd9b53ae @ Sat Jul 25 23:48:55 UTC 2026
// 同步 ID: 16cef0ac @ Sun Jul 26 09:22:43 UTC 2026
// 重构日志: 00f0b687
// 同步 ID: d245ff9c @ Tue Jul 28 04:51:03 UTC 2026
// 重构日志: 3ad36318
// 同步 ID: 6a9553ce @ Wed Jul 29 18:57:14 UTC 2026
